C51 COMPILER V9.59.0.0   SHUMAGUAN                                                         10/19/2025 16:07:37 PAGE 1   


C51 COMPILER V9.59.0.0, COMPILATION OF MODULE SHUMAGUAN
OBJECT MODULE PLACED IN .\Objects\shumaguan.obj
COMPILER INVOKED BY: D:\keil\c51\C51\BIN\C51.EXE shumaguan.c OPTIMIZE(8,SPEED) BROWSE DEBUG OBJECTEXTEND PRINT(.\Listing
                    -s\shumaguan.lst) TABS(2) OBJECT(.\Objects\shumaguan.obj)

line level    source

*** WARNING C500 IN LINE 1 OF shumaguan.c: MISSING LICENSE ID CODE (LIC) IN 'TOOLS.INI'
   1          #include <REGX52.H>
   2          #include "Delay.h"
   3          unsigned char NixieTable[]={0x3F,0x06,0x4F,0x66,0x6D,0x7D,0x07,0x7F,0x6F};
   4          //静态数码管单个显示函数
   5          void Nixie(unsigned char Location,unsigned char Number)
   6          {  //位选
   7   1        switch(Location)    //注意led编号小的在右侧 而习惯上从左到右编号
   8   1        {
   9   2          case 1:P2_2=1;P2_3=1;P2_4=1;break;
  10   2          case 2:P2_2=0;P2_3=1;P2_4=1;break;
  11   2          case 3:P2_2=1;P2_3=0;P2_4=1;break;
  12   2          case 4:P2_2=0;P2_3=0;P2_4=1;break;
  13   2          case 5:P2_2=1;P2_3=1;P2_4=0;break;
  14   2          case 6:P2_2=0;P2_3=1;P2_4=0;break;
  15   2          case 7:P2_2=1;P2_3=0;P2_4=0;break;
  16   2          case 8:P2_2=0;P2_3=0;P2_4=0;break;  //注意P2_4才是高位
  17   2        }
  18   1        //段选  共阴极连接用阳码 即1亮0灭 写出1 0转为8位二进制时注意从P0_7开始为高位
  19   1        P0=NixieTable[Number];  
  20   1        //为后面消影
  21   1        Delay(1);
  22   1        P0=0x00;
  23   1      }


MODULE INFORMATION:   STATIC OVERLAYABLE
   CODE SIZE        =    109    ----
   CONSTANT SIZE    =   ----    ----
   XDATA SIZE       =   ----    ----
   PDATA SIZE       =   ----    ----
   DATA SIZE        =      9    ----
   IDATA SIZE       =   ----    ----
   BIT SIZE         =   ----    ----
END OF MODULE INFORMATION.


C51 COMPILATION COMPLETE.  1 WARNING(S),  0 ERROR(S)
