BL51 BANKED LINKER/LOCATER V6.22.2.0                                                    10/23/2025  21:38:41  PAGE 1


BL51 BANKED LINKER/LOCATER V6.22.2.0, INVOKED BY:
D:\KEIL\C51\C51\BIN\BL51.EXE .\Objects\STARTUP.obj, .\Objects\main.obj TO .\Objects\test03 PRINT (.\Listings\test03.m51)
>>  RAMSIZE (256)


MEMORY MODEL: SMALL


INPUT MODULES INCLUDED:
  .\Objects\STARTUP.obj (?C_STARTUP)
  .\Objects\main.obj (MAIN)
  D:\KEIL\C51\C51\LIB\C51S.LIB (?C_INIT)


LINK MAP OF MODULE:  .\Objects\test03 (?C_STARTUP)


            TYPE    BASE      LENGTH    RELOCATION   SEGMENT NAME
            -----------------------------------------------------

            * * * * * * *   D A T A   M E M O R Y   * * * * * * *
            REG     0000H     0008H     ABSOLUTE     "REG BANK 0"
            DATA    0008H     000AH     UNIT         ?DT?MAIN
            IDATA   0012H     0001H     UNIT         ?STACK

            * * * * * * *   C O D E   M E M O R Y   * * * * * * *
            CODE    0000H     0003H     ABSOLUTE     
                    0003H     07FDH                  *** GAP ***
            CODE    0800H     008CH     UNIT         ?C_C51STARTUP
            CODE    088CH     006DH     UNIT         ?PR?_NIXIE?MAIN
            CODE    08F9H     0017H     UNIT         ?PR?MAIN?MAIN
            CODE    0910H     0015H     UNIT         ?PR?_DELAY?MAIN
            CODE    0925H     000DH     UNIT         ?C_INITSEG



OVERLAY MAP OF MODULE:   .\Objects\test03 (?C_STARTUP)


SEGMENT
  +--> CALLED SEGMENT
---------------------
?C_C51STARTUP
  +--> ?PR?MAIN?MAIN
  +--> ?C_INITSEG

?PR?MAIN?MAIN
  +--> ?PR?_NIXIE?MAIN

?PR?_NIXIE?MAIN
  +--> ?PR?_DELAY?MAIN



SYMBOL TABLE OF MODULE:  .\Objects\test03 (?C_STARTUP)

  VALUE           TYPE          NAME
  ----------------------------------
BL51 BANKED LINKER/LOCATER V6.22.2.0                                                  10/23/2025  21:38:41  PAGE 2



  -------         MODULE        ?C_STARTUP
  C:0800H         SEGMENT       ?C_C51STARTUP
  I:0012H         SEGMENT       ?STACK
  C:0000H         PUBLIC        ?C_STARTUP
  D:00E0H         SYMBOL        ACC
  D:00F0H         SYMBOL        B
  D:0083H         SYMBOL        DPH
  D:0082H         SYMBOL        DPL
  N:0000H         SYMBOL        IBPSTACK
  N:0100H         SYMBOL        IBPSTACKTOP
  N:0080H         SYMBOL        IDATALEN
  C:0803H         SYMBOL        IDATALOOP
  N:0000H         SYMBOL        PBPSTACK
  N:0100H         SYMBOL        PBPSTACKTOP
  N:0000H         SYMBOL        PDATALEN
  N:0000H         SYMBOL        PDATASTART
  N:0000H         SYMBOL        PPAGE
  N:0000H         SYMBOL        PPAGEENABLE
  D:00A0H         SYMBOL        PPAGE_SFR
  D:0081H         SYMBOL        SP
  C:0800H         SYMBOL        STARTUP1
  N:0000H         SYMBOL        XBPSTACK
  N:0000H         SYMBOL        XBPSTACKTOP
  N:0000H         SYMBOL        XDATALEN
  N:0000H         SYMBOL        XDATASTART
  C:0000H         LINE#         126
  C:0800H         LINE#         133
  C:0802H         LINE#         134
  C:0803H         LINE#         135
  C:0804H         LINE#         136
  C:0806H         LINE#         185
  C:0809H         LINE#         196
  -------         ENDMOD        ?C_STARTUP

  -------         MODULE        MAIN
  C:0000H         SYMBOL        _ICE_DUMMY_
  C:088CH         PUBLIC        _Nixie
  D:0080H         PUBLIC        P0
  B:00A0H.2       PUBLIC        P2_2
  B:00A0H.3       PUBLIC        P2_3
  B:00A0H.4       PUBLIC        P2_4
  C:08F9H         PUBLIC        main
  D:0008H         PUBLIC        NixieTable
  C:0910H         PUBLIC        _Delay
  -------         PROC          _DELAY
  D:0006H         SYMBOL        xms
  -------         DO            
  D:0005H         SYMBOL        i
  D:0004H         SYMBOL        j
  -------         ENDDO         
  C:0910H         LINE#         7
  C:0910H         LINE#         8
  C:0910H         LINE#         9
  C:091AH         LINE#         10
  C:091AH         LINE#         11
  C:091CH         LINE#         12
BL51 BANKED LINKER/LOCATER V6.22.2.0                                                  10/23/2025  21:38:41  PAGE 3


  C:091EH         LINE#         14
  C:091EH         LINE#         15
  C:0920H         LINE#         16
  C:0922H         LINE#         17
  C:0924H         LINE#         18
  -------         ENDPROC       _DELAY
  -------         PROC          _NIXIE
  D:0007H         SYMBOL        Location
  D:0005H         SYMBOL        Number
  C:088CH         LINE#         21
  C:088CH         LINE#         22
  C:088CH         LINE#         23
  C:08B9H         LINE#         24
  C:08B9H         LINE#         25
  C:08BDH         LINE#         26
  C:08C5H         LINE#         27
  C:08C9H         LINE#         28
  C:08D1H         LINE#         29
  C:08D5H         LINE#         30
  C:08DDH         LINE#         31
  C:08E1H         LINE#         32
  C:08E7H         LINE#         33
  C:08E7H         LINE#         35
  C:08EEH         LINE#         37
  C:08F5H         LINE#         38
  C:08F8H         LINE#         39
  -------         ENDPROC       _NIXIE
  -------         PROC          MAIN
  C:08F9H         LINE#         42
  C:08F9H         LINE#         43
  C:08F9H         LINE#         44
  C:08F9H         LINE#         45
  C:08F9H         LINE#         47
  C:0900H         LINE#         48
  C:0907H         LINE#         49
  C:090EH         LINE#         53
  -------         ENDPROC       MAIN
  -------         ENDMOD        MAIN

******************************************************************************
* RESTRICTED VERSION WITH 0800H BYTE CODE SIZE LIMIT; USED: 00B4H BYTE ( 8%) *
******************************************************************************

Program Size: data=19.0 xdata=0 code=309
LINK/LOCATE RUN COMPLETE.  0 WARNING(S),  0 ERROR(S)
