C51 COMPILER V9.59.0.0   DELAY                                                             10/30/2025 11:40:36 PAGE 1   


C51 COMPILER V9.59.0.0, COMPILATION OF MODULE DELAY
OBJECT MODULE PLACED IN .\Objects\Delay.obj
COMPILER INVOKED BY: D:\keil\c51\C51\BIN\C51.EXE Delay.c OPTIMIZE(8,SPEED) BROWSE DEBUG OBJECTEXTEND PRINT(.\Listings\De
                    -lay.lst) TABS(2) OBJECT(.\Objects\Delay.obj)

line level    source

*** WARNING C500 IN LINE 1 OF Delay.c: MISSING LICENSE ID CODE (LIC) IN 'TOOLS.INI'
   1          void Delay(unsigned int xms)
   2          { unsigned char data i, j;
   3   1        while(xms--)
   4   1        {
   5   2        i = 2;
   6   2        j = 199;
   7   2        do
   8   2        {
   9   3          while (--j);
  10   3        } while (--i);
  11   2        }
  12   1      }


MODULE INFORMATION:   STATIC OVERLAYABLE
   CODE SIZE        =     21    ----
   CONSTANT SIZE    =   ----    ----
   XDATA SIZE       =   ----    ----
   PDATA SIZE       =   ----    ----
   DATA SIZE        =   ----    ----
   IDATA SIZE       =   ----    ----
   BIT SIZE         =   ----    ----
END OF MODULE INFORMATION.


C51 COMPILATION COMPLETE.  1 WARNING(S),  0 ERROR(S)
