C51 COMPILER V9.59.0.0   FOLLOW                                                            12/09/2025 20:21:36 PAGE 1   


C51 COMPILER V9.59.0.0, COMPILATION OF MODULE FOLLOW
OBJECT MODULE PLACED IN .\Objects\follow.obj
COMPILER INVOKED BY: D:\keil\MDK\MDK\C51\BIN\C51.EXE follow.c OPTIMIZE(8,SPEED) BROWSE DEBUG OBJECTEXTEND PRINT(.\Listin
                    -gs\follow.lst) TABS(2) OBJECT(.\Objects\follow.obj)

line level    source

   1          #include <REGX52.H>
   2          #include "Delay.h"
   3          #include "motor.h"
   4          #include "Timer0.h"
   5          
   6          /////////////////pwm//////////////
   7          extern unsigned int PWML;
   8          extern unsigned int PWMR; 
   9          extern unsigned int t; 
  10          /////////////////红外/////////////
  11          sbit IRN1=P2^7;
  12          sbit IRN2=P2^6;
  13          sbit IRN3=P2^5;
  14          sbit IRN4=P2^4;
  15          sbit IRN5=P2^3;
  16          
  17          //检测到黑线是1 白色为0
  18          ////////////////////////自动转向循迹函数///////////////////////
  19          void Turn()
  20          { 
  21   1      //////////////////////////////////////////////////////////////
  22   1        if(IRN1==0&&IRN2==0&&IRN3==0&&IRN4==0&&IRN5==0)   //黑线太细了
  23   1        {
  24   2          Delay(100);
  25   2          if(IRN1==0&&IRN2==0&&IRN3==0&&IRN4==0&&IRN5==0)
  26   2          {
  27   3          PWML=25;
  28   3          PWMR=58;
  29   3          Car_Go();   
  30   3          }
  31   2        }
  32   1      //////////////////////////////////////////////////////////////
  33   1       if(IRN1==1&&IRN2==1&&IRN3==1&&IRN4==1&&IRN5==1)   //十字路口
  34   1        {
  35   2          Delay(100);
  36   2          if(IRN1==1&&IRN2==1&&IRN3==1&&IRN4==1&&IRN5==1)
  37   2          {
  38   3          PWML=25;
  39   3          PWMR=58;
  40   3          Car_Go();   
  41   3          }
  42   2        } 
  43   1      /////////////////////////////////////////////////////////////////
  44   1        if(IRN1==0&&IRN2==1&&IRN3==0&&IRN4==0&&IRN5==0)   //缓慢情况的左转
  45   1        {
  46   2          Delay(100);
  47   2          if(IRN1==0&&IRN2==1&&IRN3==0&&IRN4==0&&IRN5==0)
  48   2          { 
  49   3            PWML=25;
  50   3            PWMR=25;
  51   3            Car_Left();
  52   3          } 
  53   2        } 
  54   1      //////////////////////////////////////////////////////////////
C51 COMPILER V9.59.0.0   FOLLOW                                                            12/09/2025 20:21:36 PAGE 2   

  55   1        if(IRN1==0&&IRN2==0&&IRN3==0&&IRN4==1&&IRN5==1)   //右急转
  56   1        {
  57   2          Delay(100);
  58   2          if(IRN1==0&&IRN2==0&&IRN3==0&&IRN4==1)
  59   2          {  
  60   3            PWML=25;
  61   3            PWMR=25;
  62   3            Car_SharpRight();   
  63   3          }   
  64   2        }   
  65   1      //////////////////////////////////////////////////////////////
  66   1        if(IRN1==1&&IRN2==1&&IRN3==0&&IRN4==0&&IRN5==0)    //左急转
  67   1        {
  68   2          Delay(100);
  69   2          if(IRN2==1&&IRN3==0&&IRN4==0&&IRN5==0)
  70   2          {  
  71   3            PWML=25;
  72   3            PWMR=25;
  73   3            Car_SharpLeft();    
  74   3          } 
  75   2        }
  76   1      //////////////////////////////////////////////////////////////  
  77   1        if(IRN1==0&&IRN2==0&&IRN3==0&&IRN4==1&&IRN5==0)   //缓慢情况的右转
  78   1        {
  79   2          Delay(100);
  80   2          if(IRN1==0&&IRN2==0&&IRN3==0&&IRN4==1&&IRN5==0)
  81   2          {
  82   3            PWML=25;
  83   3            PWMR=25;
  84   3            Car_Right();
  85   3          } 
  86   2        } 
  87   1      ////////////////////////////////////////////////////////////////
  88   1        if(IRN1==0&&IRN2==0&&IRN3==1&&IRN4==0&&IRN5==0)    //直走
  89   1        {
  90   2         Delay(100);
  91   2          if(IRN2==1&&IRN3==1)
  92   2          {
  93   3          PWML=25;
  94   3          PWMR=58;
  95   3          Car_Go();
  96   3          }
  97   2        }
  98   1      
  99   1      } 
 100          


MODULE INFORMATION:   STATIC OVERLAYABLE
   CODE SIZE        =    350    ----
   CONSTANT SIZE    =   ----    ----
   XDATA SIZE       =   ----    ----
   PDATA SIZE       =   ----    ----
   DATA SIZE        =   ----    ----
   IDATA SIZE       =   ----    ----
   BIT SIZE         =   ----    ----
END OF MODULE INFORMATION.


C51 COMPILATION COMPLETE.  0 WARNING(S),  0 ERROR(S)
