C51 COMPILER V9.59.0.0   MOTOR                                                             11/04/2025 17:49:13 PAGE 1   


C51 COMPILER V9.59.0.0, COMPILATION OF MODULE MOTOR
OBJECT MODULE PLACED IN .\Objects\motor.obj
COMPILER INVOKED BY: D:\keil\MDK\MDK\C51\BIN\C51.EXE motor.c OPTIMIZE(8,SPEED) BROWSE DEBUG OBJECTEXTEND PRINT(.\Listing
                    -s\motor.lst) TABS(2) OBJECT(.\Objects\motor.obj)

line level    source

   1          #include <REGX52.H>
   2          
   3          
   4          sbit IN1=P3^4;
   5          sbit IN2=P3^3;
   6          sbit IN3=P3^6;
   7          sbit IN4=P3^5;
   8          
   9          //左右电机各有4状态 正，反转；停，急停；
  10          void LeftMotor_Forward()
  11          {IN1=1 ;IN2=0;}
  12          void LeftMotor_Back()
  13          {IN1=0 ;IN2=1;}
  14          void LeftMotor_Stop()
  15          {IN1=0 ;IN2=0;}
  16          void LeftMotor_SharpStop()
  17          {IN1=1 ;IN2=1;}
  18          
  19          
  20          void RightMotor_Forward()
  21          {IN3=1 ;IN4=0;}
  22          void RightMotor_Back()
  23          {IN3=0 ;IN4=1;}
  24          void RightMotor_Stop()
  25          {IN3=0 ;IN4=0;}
  26          void RightMotor_SharpStop()
  27          {IN3=1 ;IN4=1;}
  28          
  29          //小车状态
  30          void Car_Go()
  31          { LeftMotor_Forward(); RightMotor_Forward();}
  32          void Car_Back()
  33          { LeftMotor_Back();RightMotor_Back();} 
  34          void Car_Right()
  35          { LeftMotor_Forward();RightMotor_Stop();}
  36          void Car_Left()
  37          { LeftMotor_Stop();RightMotor_Forward();}
  38          void Car_SharpLeft()
  39          { LeftMotor_Back();RightMotor_Forward();}
  40          void Car_SharpRight()
  41          { RightMotor_Back();LeftMotor_Forward();}
  42          void Car_Stop()
  43          { LeftMotor_Stop();RightMotor_Stop();} 
  44          void Car_SharpStop()
  45          { LeftMotor_SharpStop();RightMotor_SharpStop();}


MODULE INFORMATION:   STATIC OVERLAYABLE
   CODE SIZE        =     88    ----
   CONSTANT SIZE    =   ----    ----
   XDATA SIZE       =   ----    ----
   PDATA SIZE       =   ----    ----
   DATA SIZE        =   ----    ----
   IDATA SIZE       =   ----    ----
C51 COMPILER V9.59.0.0   MOTOR                                                             11/04/2025 17:49:13 PAGE 2   

   BIT SIZE         =   ----    ----
END OF MODULE INFORMATION.


C51 COMPILATION COMPLETE.  0 WARNING(S),  0 ERROR(S)
