BL51 BANKED LINKER/LOCATER V6.22.2.0                                                    11/01/2025  09:51:36  PAGE 1


BL51 BANKED LINKER/LOCATER V6.22.2.0, INVOKED BY:
D:\KEIL\C51\C51\BIN\BL51.EXE .\Objects\STARTUP.obj, .\Objects\main.obj, .\Objects\Delay.obj, .\Objects\TImer0.obj, .\Obj
>> ects\motor.obj TO .\Objects\pwm电机 PRINT (.\Listings\pwm电机.m51) RAMSIZE (256)


MEMORY MODEL: SMALL


INPUT MODULES INCLUDED:
  .\Objects\STARTUP.obj (?C_STARTUP)
  .\Objects\main.obj (MAIN)
  .\Objects\Delay.obj (DELAY)
  .\Objects\TImer0.obj (TIMER0)
  .\Objects\motor.obj (MOTOR)
  D:\KEIL\C51\C51\LIB\C51S.LIB (?C_INIT)


LINK MAP OF MODULE:  .\Objects\pwm电机 (?C_STARTUP)


            TYPE    BASE      LENGTH    RELOCATION   SEGMENT NAME
            -----------------------------------------------------

            * * * * * * *   D A T A   M E M O R Y   * * * * * * *
            REG     0000H     0008H     ABSOLUTE     "REG BANK 0"
            DATA    0008H     0008H     UNIT         ?DT?MAIN
            IDATA   0010H     0001H     UNIT         ?STACK

            * * * * * * *   C O D E   M E M O R Y   * * * * * * *
            CODE    0000H     0003H     ABSOLUTE     
                    0003H     0008H                  *** GAP ***
            CODE    000BH     0003H     ABSOLUTE     
                    000EH     0015H                  *** GAP ***
            CODE    0023H     0003H     ABSOLUTE     
                    0026H     07DAH                  *** GAP ***
            CODE    0800H     00EEH     UNIT         ?PR?TURN?MAIN
            CODE    08EEH     008CH     UNIT         ?C_C51STARTUP
            CODE    097AH     0048H     UNIT         ?PR?TIMER0_ROUTINE?MAIN
            CODE    09C2H     0047H     UNIT         ?PR?UART_ROUTINE?MAIN
            CODE    0A09H     0025H     UNIT         ?PR?_RECEIVE_DATA?MAIN
            CODE    0A2EH     0018H     UNIT         ?PR?UART_INIT?MAIN
            CODE    0A46H     0017H     UNIT         ?PR?TIMER0_INIT?TIMER0
            CODE    0A5DH     0015H     UNIT         ?PR?_DELAY?DELAY
            CODE    0A72H     000DH     UNIT         ?C_INITSEG
            CODE    0A7FH     000BH     UNIT         ?PR?MAIN?MAIN
            CODE    0A8AH     0006H     UNIT         ?PR?CAR_GO?MOTOR
            CODE    0A90H     0006H     UNIT         ?PR?CAR_BACK?MOTOR
            CODE    0A96H     0006H     UNIT         ?PR?CAR_RIGHT?MOTOR
            CODE    0A9CH     0006H     UNIT         ?PR?CAR_LEFT?MOTOR
            CODE    0AA2H     0006H     UNIT         ?PR?CAR_SHARPLEFT?MOTOR
            CODE    0AA8H     0006H     UNIT         ?PR?CAR_SHARPRIGHT?MOTOR
            CODE    0AAEH     0006H     UNIT         ?PR?CAR_STOP?MOTOR
            CODE    0AB4H     0006H     UNIT         ?PR?CAR_SHARPSTOP?MOTOR
            CODE    0ABAH     0005H     UNIT         ?PR?LEFTMOTOR_FORWARD?MOTOR
            CODE    0ABFH     0005H     UNIT         ?PR?LEFTMOTOR_BACK?MOTOR
            CODE    0AC4H     0005H     UNIT         ?PR?LEFTMOTOR_STOP?MOTOR
            CODE    0AC9H     0005H     UNIT         ?PR?LEFTMOTOR_SHARPSTOP?MOTOR
            CODE    0ACEH     0005H     UNIT         ?PR?RIGHTMOTOR_FORWARD?MOTOR
BL51 BANKED LINKER/LOCATER V6.22.2.0                                                  11/01/2025  09:51:36  PAGE 2


            CODE    0AD3H     0005H     UNIT         ?PR?RIGHTMOTOR_BACK?MOTOR
            CODE    0AD8H     0005H     UNIT         ?PR?RIGHTMOTOR_STOP?MOTOR
            CODE    0ADDH     0005H     UNIT         ?PR?RIGHTMOTOR_SHARPSTOP?MOTOR



OVERLAY MAP OF MODULE:   .\Objects\pwm电机 (?C_STARTUP)


SEGMENT
  +--> CALLED SEGMENT
---------------------
?C_C51STARTUP
  +--> ?PR?MAIN?MAIN
  +--> ?C_INITSEG

?PR?MAIN?MAIN
  +--> ?PR?TIMER0_INIT?TIMER0
  +--> ?PR?UART_INIT?MAIN
  +--> ?PR?TURN?MAIN

?PR?TURN?MAIN
  +--> ?PR?CAR_BACK?MOTOR
  +--> ?PR?_DELAY?DELAY
  +--> ?PR?CAR_STOP?MOTOR
  +--> ?PR?CAR_GO?MOTOR
  +--> ?PR?CAR_SHARPRIGHT?MOTOR
  +--> ?PR?CAR_SHARPLEFT?MOTOR

?PR?CAR_BACK?MOTOR
  +--> ?PR?LEFTMOTOR_BACK?MOTOR
  +--> ?PR?RIGHTMOTOR_BACK?MOTOR

?PR?CAR_STOP?MOTOR
  +--> ?PR?LEFTMOTOR_STOP?MOTOR
  +--> ?PR?RIGHTMOTOR_STOP?MOTOR

?PR?CAR_GO?MOTOR
  +--> ?PR?LEFTMOTOR_FORWARD?MOTOR
  +--> ?PR?RIGHTMOTOR_FORWARD?MOTOR

?PR?CAR_SHARPRIGHT?MOTOR
  +--> ?PR?RIGHTMOTOR_BACK?MOTOR
  +--> ?PR?LEFTMOTOR_FORWARD?MOTOR

?PR?CAR_SHARPLEFT?MOTOR
  +--> ?PR?LEFTMOTOR_BACK?MOTOR
  +--> ?PR?RIGHTMOTOR_FORWARD?MOTOR

*** NEW ROOT ***************************************************

?PR?UART_ROUTINE?MAIN
  +--> ?PR?CAR_STOP?MOTOR
  +--> ?PR?_RECEIVE_DATA?MAIN

?PR?_RECEIVE_DATA?MAIN
  +--> ?PR?CAR_BACK?MOTOR
BL51 BANKED LINKER/LOCATER V6.22.2.0                                                  11/01/2025  09:51:36  PAGE 3


  +--> ?PR?CAR_GO?MOTOR
  +--> ?PR?CAR_SHARPLEFT?MOTOR
  +--> ?PR?CAR_SHARPRIGHT?MOTOR
  +--> ?PR?CAR_SHARPSTOP?MOTOR

?PR?CAR_SHARPSTOP?MOTOR
  +--> ?PR?LEFTMOTOR_SHARPSTOP?MOTOR
  +--> ?PR?RIGHTMOTOR_SHARPSTOP?MOTOR



SYMBOL TABLE OF MODULE:  .\Objects\pwm电机 (?C_STARTUP)

  VALUE           TYPE          NAME
  ----------------------------------

  -------         MODULE        ?C_STARTUP
  C:08EEH         SEGMENT       ?C_C51STARTUP
  I:0010H         SEGMENT       ?STACK
  C:0000H         PUBLIC        ?C_STARTUP
  D:00E0H         SYMBOL        ACC
  D:00F0H         SYMBOL        B
  D:0083H         SYMBOL        DPH
  D:0082H         SYMBOL        DPL
  N:0000H         SYMBOL        IBPSTACK
  N:0100H         SYMBOL        IBPSTACKTOP
  N:0080H         SYMBOL        IDATALEN
  C:08F1H         SYMBOL        IDATALOOP
  N:0000H         SYMBOL        PBPSTACK
  N:0100H         SYMBOL        PBPSTACKTOP
  N:0000H         SYMBOL        PDATALEN
  N:0000H         SYMBOL        PDATASTART
  N:0000H         SYMBOL        PPAGE
  N:0000H         SYMBOL        PPAGEENABLE
  D:00A0H         SYMBOL        PPAGE_SFR
  D:0081H         SYMBOL        SP
  C:08EEH         SYMBOL        STARTUP1
  N:0000H         SYMBOL        XBPSTACK
  N:0000H         SYMBOL        XBPSTACKTOP
  N:0000H         SYMBOL        XDATALEN
  N:0000H         SYMBOL        XDATASTART
  C:0000H         LINE#         126
  C:08EEH         LINE#         133
  C:08F0H         LINE#         134
  C:08F1H         LINE#         135
  C:08F2H         LINE#         136
  C:08F4H         LINE#         185
  C:08F7H         LINE#         196
  -------         ENDMOD        ?C_STARTUP

  -------         MODULE        MAIN
  C:0000H         SYMBOL        _ICE_DUMMY_
  C:097AH         PUBLIC        Timer0_Routine
  D:00A0H         PUBLIC        P2
  D:00B0H         PUBLIC        P3
  B:00A8H.7       PUBLIC        EA
  C:0A2EH         PUBLIC        Uart_Init
BL51 BANKED LINKER/LOCATER V6.22.2.0                                                  11/01/2025  09:51:36  PAGE 4


  B:00A8H.4       PUBLIC        ES
  B:00A0H.7       PUBLIC        IRN1
  B:0098H.0       PUBLIC        RI
  B:00A0H.6       PUBLIC        IRN2
  B:00A0H.5       PUBLIC        IRN3
  B:00A0H.4       PUBLIC        IRN4
  B:00B0H.2       PUBLIC        ENAL
  C:0A09H         PUBLIC        _Receive_Data
  C:0A7FH         PUBLIC        main
  B:00B0H.7       PUBLIC        ENAR
  C:0800H         PUBLIC        Turn
  D:0099H         PUBLIC        SBUF
  D:0087H         PUBLIC        PCON
  D:0098H         PUBLIC        SCON
  D:0089H         PUBLIC        TMOD
  D:0008H         PUBLIC        PWML
  D:000AH         PUBLIC        PWMR
  B:00A8H.3       PUBLIC        ET1
  D:008CH         PUBLIC        TH0
  D:008DH         PUBLIC        TH1
  D:008AH         PUBLIC        TL0
  D:008BH         PUBLIC        TL1
  B:0088H.6       PUBLIC        TR1
  D:000CH         PUBLIC        receive_data
  C:09C2H         PUBLIC        Uart_Routine
  D:000EH         PUBLIC        t
  -------         PROC          _RECEIVE_DATA
  D:0007H         SYMBOL        m
  C:0A09H         LINE#         26
  C:0A09H         LINE#         27
  C:0A09H         LINE#         28
  C:0A1EH         LINE#         29
  C:0A1EH         LINE#         30
  C:0A1EH         LINE#         31
  C:0A1EH         LINE#         32
  C:0A21H         LINE#         33
  C:0A21H         LINE#         34
  C:0A21H         LINE#         35
  C:0A21H         LINE#         36
  C:0A24H         LINE#         37
  C:0A24H         LINE#         38
  C:0A24H         LINE#         39
  C:0A24H         LINE#         40
  C:0A27H         LINE#         41
  C:0A27H         LINE#         42
  C:0A27H         LINE#         43
  C:0A27H         LINE#         44
  C:0A2AH         LINE#         45
  C:0A2AH         LINE#         46
  C:0A2AH         LINE#         47
  C:0A2AH         LINE#         48
  C:0A2DH         LINE#         49
  C:0A2DH         LINE#         50
  C:0A2DH         LINE#         51
  -------         ENDPROC       _RECEIVE_DATA
  -------         PROC          UART_INIT
  C:0A2EH         LINE#         53
BL51 BANKED LINKER/LOCATER V6.22.2.0                                                  11/01/2025  09:51:36  PAGE 5


  C:0A2EH         LINE#         54
  C:0A2EH         LINE#         55
  C:0A31H         LINE#         56
  C:0A34H         LINE#         58
  C:0A37H         LINE#         59
  C:0A3AH         LINE#         60
  C:0A3DH         LINE#         61
  C:0A3FH         LINE#         62
  C:0A41H         LINE#         63
  C:0A43H         LINE#         64
  C:0A45H         LINE#         65
  -------         ENDPROC       UART_INIT
  -------         PROC          TURN
  C:0800H         LINE#         68
  C:0800H         LINE#         69
  C:0800H         LINE#         71
  C:080CH         LINE#         72
  C:080CH         LINE#         73
  C:0812H         LINE#         74
  C:0818H         LINE#         75
  C:081BH         LINE#         76
  C:0822H         LINE#         77
  C:0825H         LINE#         78
  C:0825H         LINE#         81
  C:0831H         LINE#         82
  C:0831H         LINE#         83
  C:0838H         LINE#         84
  C:0844H         LINE#         85
  C:0844H         LINE#         86
  C:084AH         LINE#         87
  C:0850H         LINE#         88
  C:0853H         LINE#         89
  C:0853H         LINE#         91
  C:0853H         LINE#         93
  C:085FH         LINE#         94
  C:085FH         LINE#         95
  C:0866H         LINE#         96
  C:0872H         LINE#         97
  C:0872H         LINE#         98
  C:0875H         LINE#         99
  C:0875H         LINE#         101
  C:0875H         LINE#         103
  C:0881H         LINE#         104
  C:0881H         LINE#         105
  C:0888H         LINE#         106
  C:0894H         LINE#         107
  C:0894H         LINE#         108
  C:0897H         LINE#         109
  C:0897H         LINE#         110
  C:0897H         LINE#         112
  C:08A3H         LINE#         113
  C:08A3H         LINE#         114
  C:08AAH         LINE#         115
  C:08B6H         LINE#         116
  C:08B6H         LINE#         117
  C:08BCH         LINE#         118
  C:08C2H         LINE#         119
BL51 BANKED LINKER/LOCATER V6.22.2.0                                                  11/01/2025  09:51:36  PAGE 6


  C:08C5H         LINE#         120
  C:08C5H         LINE#         122
  C:08C5H         LINE#         124
  C:08D1H         LINE#         125
  C:08D1H         LINE#         126
  C:08D8H         LINE#         127
  C:08DEH         LINE#         128
  C:08DEH         LINE#         129
  C:08E4H         LINE#         130
  C:08EAH         LINE#         131
  C:08EDH         LINE#         133
  C:08EDH         LINE#         134
  C:08EDH         LINE#         136
  -------         ENDPROC       TURN
  -------         PROC          MAIN
  C:0A7FH         LINE#         140
  C:0A7FH         LINE#         141
  C:0A7FH         LINE#         142
  C:0A82H         LINE#         143
  C:0A85H         LINE#         144
  C:0A85H         LINE#         145
  C:0A85H         LINE#         146
  C:0A88H         LINE#         147
  -------         ENDPROC       MAIN
  -------         PROC          TIMER0_ROUTINE
  C:097AH         LINE#         151
  C:097EH         LINE#         153
  C:0981H         LINE#         154
  C:0984H         LINE#         155
  C:098CH         LINE#         156
  C:0995H         LINE#         157
  C:0995H         LINE#         158
  C:0997H         LINE#         159
  C:0999H         LINE#         160
  C:099BH         LINE#         162
  C:09A6H         LINE#         163
  C:09A6H         LINE#         164
  C:09A8H         LINE#         165
  C:09AAH         LINE#         166
  C:09ACH         LINE#         168
  C:09B7H         LINE#         169
  C:09B7H         LINE#         170
  C:09BDH         LINE#         171
  C:09BDH         LINE#         173
  -------         ENDPROC       TIMER0_ROUTINE
  -------         PROC          UART_ROUTINE
  C:09C2H         LINE#         176
  C:09DFH         LINE#         178
  C:09E2H         LINE#         179
  C:09E4H         LINE#         180
  C:09EBH         LINE#         181
  C:09EEH         LINE#         182
  -------         ENDPROC       UART_ROUTINE
  -------         ENDMOD        MAIN

  -------         MODULE        DELAY
  C:0000H         SYMBOL        _ICE_DUMMY_
BL51 BANKED LINKER/LOCATER V6.22.2.0                                                  11/01/2025  09:51:36  PAGE 7


  C:0A5DH         PUBLIC        _Delay
  -------         PROC          _DELAY
  D:0006H         SYMBOL        xms
  -------         DO            
  D:0005H         SYMBOL        i
  D:0004H         SYMBOL        j
  -------         ENDDO         
  C:0A5DH         LINE#         1
  C:0A5DH         LINE#         2
  C:0A5DH         LINE#         3
  C:0A67H         LINE#         4
  C:0A67H         LINE#         5
  C:0A69H         LINE#         6
  C:0A6BH         LINE#         8
  C:0A6BH         LINE#         9
  C:0A6DH         LINE#         10
  C:0A6FH         LINE#         11
  C:0A71H         LINE#         12
  -------         ENDPROC       _DELAY
  -------         ENDMOD        DELAY

  -------         MODULE        TIMER0
  C:0000H         SYMBOL        _ICE_DUMMY_
  B:00A8H.7       PUBLIC        EA
  C:0A46H         PUBLIC        Timer0_Init
  D:0089H         PUBLIC        TMOD
  B:00A8H.1       PUBLIC        ET0
  B:0088H.5       PUBLIC        TF0
  D:008CH         PUBLIC        TH0
  D:008AH         PUBLIC        TL0
  B:00B8H.1       PUBLIC        PT0
  B:0088H.4       PUBLIC        TR0
  -------         PROC          TIMER0_INIT
  C:0A46H         LINE#         5
  C:0A46H         LINE#         6
  C:0A46H         LINE#         8
  C:0A49H         LINE#         9
  C:0A4CH         LINE#         10
  C:0A4FH         LINE#         11
  C:0A52H         LINE#         12
  C:0A54H         LINE#         13
  C:0A56H         LINE#         14
  C:0A58H         LINE#         15
  C:0A5AH         LINE#         16
  C:0A5CH         LINE#         17
  -------         ENDPROC       TIMER0_INIT
  -------         ENDMOD        TIMER0

  -------         MODULE        MOTOR
  C:0000H         SYMBOL        _ICE_DUMMY_
  D:00B0H         PUBLIC        P3
  C:0A9CH         PUBLIC        Car_Left
  C:0AA2H         PUBLIC        Car_SharpLeft
  C:0AD8H         PUBLIC        RightMotor_Stop
  C:0AAEH         PUBLIC        Car_Stop
  C:0ADDH         PUBLIC        RightMotor_SharpStop
  C:0AB4H         PUBLIC        Car_SharpStop
BL51 BANKED LINKER/LOCATER V6.22.2.0                                                  11/01/2025  09:51:36  PAGE 8


  C:0AC4H         PUBLIC        LeftMotor_Stop
  C:0AC9H         PUBLIC        LeftMotor_SharpStop
  C:0A8AH         PUBLIC        Car_Go
  B:00B0H.3       PUBLIC        IN1
  B:00B0H.4       PUBLIC        IN2
  B:00B0H.5       PUBLIC        IN3
  B:00B0H.6       PUBLIC        IN4
  C:0ACEH         PUBLIC        RightMotor_Forward
  C:0ABAH         PUBLIC        LeftMotor_Forward
  C:0AD3H         PUBLIC        RightMotor_Back
  C:0A90H         PUBLIC        Car_Back
  C:0ABFH         PUBLIC        LeftMotor_Back
  C:0A96H         PUBLIC        Car_Right
  C:0AA8H         PUBLIC        Car_SharpRight
  -------         PROC          LEFTMOTOR_FORWARD
  C:0ABAH         LINE#         10
  C:0ABAH         LINE#         11
  -------         ENDPROC       LEFTMOTOR_FORWARD
  -------         PROC          LEFTMOTOR_BACK
  C:0ABFH         LINE#         12
  C:0ABFH         LINE#         13
  -------         ENDPROC       LEFTMOTOR_BACK
  -------         PROC          LEFTMOTOR_STOP
  C:0AC4H         LINE#         14
  C:0AC4H         LINE#         15
  -------         ENDPROC       LEFTMOTOR_STOP
  -------         PROC          LEFTMOTOR_SHARPSTOP
  C:0AC9H         LINE#         16
  C:0AC9H         LINE#         17
  -------         ENDPROC       LEFTMOTOR_SHARPSTOP
  -------         PROC          RIGHTMOTOR_FORWARD
  C:0ACEH         LINE#         20
  C:0ACEH         LINE#         21
  -------         ENDPROC       RIGHTMOTOR_FORWARD
  -------         PROC          RIGHTMOTOR_BACK
  C:0AD3H         LINE#         22
  C:0AD3H         LINE#         23
  -------         ENDPROC       RIGHTMOTOR_BACK
  -------         PROC          RIGHTMOTOR_STOP
  C:0AD8H         LINE#         24
  C:0AD8H         LINE#         25
  -------         ENDPROC       RIGHTMOTOR_STOP
  -------         PROC          RIGHTMOTOR_SHARPSTOP
  C:0ADDH         LINE#         26
  C:0ADDH         LINE#         27
  -------         ENDPROC       RIGHTMOTOR_SHARPSTOP
  -------         PROC          CAR_GO
  C:0A8AH         LINE#         30
  C:0A8AH         LINE#         31
  -------         ENDPROC       CAR_GO
  -------         PROC          CAR_BACK
  C:0A90H         LINE#         32
  C:0A90H         LINE#         33
  -------         ENDPROC       CAR_BACK
  -------         PROC          CAR_RIGHT
  C:0A96H         LINE#         34
  C:0A96H         LINE#         35
BL51 BANKED LINKER/LOCATER V6.22.2.0                                                  11/01/2025  09:51:36  PAGE 9


  -------         ENDPROC       CAR_RIGHT
  -------         PROC          CAR_LEFT
  C:0A9CH         LINE#         36
  C:0A9CH         LINE#         37
  -------         ENDPROC       CAR_LEFT
  -------         PROC          CAR_SHARPLEFT
  C:0AA2H         LINE#         38
  C:0AA2H         LINE#         39
  -------         ENDPROC       CAR_SHARPLEFT
  -------         PROC          CAR_SHARPRIGHT
  C:0AA8H         LINE#         40
  C:0AA8H         LINE#         41
  -------         ENDPROC       CAR_SHARPRIGHT
  -------         PROC          CAR_STOP
  C:0AAEH         LINE#         42
  C:0AAEH         LINE#         43
  -------         ENDPROC       CAR_STOP
  -------         PROC          CAR_SHARPSTOP
  C:0AB4H         LINE#         44
  C:0AB4H         LINE#         45
  -------         ENDPROC       CAR_SHARPSTOP
  -------         ENDMOD        MOTOR

*** WARNING L16: UNCALLED SEGMENT, IGNORED FOR OVERLAY PROCESS
    SEGMENT: ?PR?CAR_RIGHT?MOTOR

*** WARNING L16: UNCALLED SEGMENT, IGNORED FOR OVERLAY PROCESS
    SEGMENT: ?PR?CAR_LEFT?MOTOR

******************************************************************************
* RESTRICTED VERSION WITH 0800H BYTE CODE SIZE LIMIT; USED: 026AH BYTE (30%) *
******************************************************************************

Program Size: data=17.0 xdata=0 code=747
LINK/LOCATE RUN COMPLETE.  2 WARNING(S),  0 ERROR(S)
