C51 COMPILER V9.59.0.0   TIMER0                                                            10/30/2025 12:00:01 PAGE 1   


C51 COMPILER V9.59.0.0, COMPILATION OF MODULE TIMER0
OBJECT MODULE PLACED IN .\Objects\TImer0.obj
COMPILER INVOKED BY: D:\keil\c51\C51\BIN\C51.EXE TImer0.c OPTIMIZE(8,SPEED) BROWSE DEBUG OBJECTEXTEND PRINT(.\Listings\T
                    -Imer0.lst) TABS(2) OBJECT(.\Objects\TImer0.obj)

line level    source

*** WARNING C500 IN LINE 1 OF TImer0.c: MISSING LICENSE ID CODE (LIC) IN 'TOOLS.INI'
   1          #include <REGX52.H>
   2          
   3          
   4          //配置寄存器
   5          void Timer0_Init()
   6          {
   7   1      //100微秒@12.000MHz
   8   1        TMOD &= 0xF0;     //设置定时器模式
   9   1        TMOD |= 0x01;     //设置定时器模式
  10   1        TL0 = (65535-200)%256;        //设置定时初始值
  11   1        TH0 = (65535-200)/256;        //设置定时初始值
  12   1        TF0 = 0;        //清除TF0标志
  13   1        TR0 = 1;        //定时器0开始计时
  14   1        ET0=1;       //定时器0使能中断
  15   1        EA=1;        //使能总开关 必须为1才能有定时器工作
  16   1        PT0=0;        //设置中断优先级
  17   1      }
  18          
  19          
  20          //中断函数模板
  21          //void Timer0_Routine() interrupt 1  //定时器0对应interrupt 1
  22          //{
  23          //  TMOD &= 0xF0;     //设置定时器模式
  24          //  TMOD |= 0x01;     //设置定时器模式
  25          //  Timer0Count++;    //每溢出一次记录 由于1ms溢出一次
  26          //  if(Timer0Count==1000)  //时间为1s
  27          //  {
  28          //      |
  29          //  }
  30          //}


MODULE INFORMATION:   STATIC OVERLAYABLE
   CODE SIZE        =     23    ----
   CONSTANT SIZE    =   ----    ----
   XDATA SIZE       =   ----    ----
   PDATA SIZE       =   ----    ----
   DATA SIZE        =   ----    ----
   IDATA SIZE       =   ----    ----
   BIT SIZE         =   ----    ----
END OF MODULE INFORMATION.


C51 COMPILATION COMPLETE.  1 WARNING(S),  0 ERROR(S)
