BL51 BANKED LINKER/LOCATER V6.22.2.0                                                    11/18/2025  17:29:42  PAGE 1


BL51 BANKED LINKER/LOCATER V6.22.2.0, INVOKED BY:
D:\KEIL\MDK\MDK\C51\BIN\BL51.EXE .\Objects\STARTUP.obj, .\Objects\main.obj TO .\Objects\test01 PRINT (.\Listings\test01.
>> m51) RAMSIZE (256)


MEMORY MODEL: SMALL


INPUT MODULES INCLUDED:
  .\Objects\STARTUP.obj (?C_STARTUP)
  .\Objects\main.obj (MAIN)
  D:\KEIL\MDK\MDK\C51\LIB\C51S.LIB (?C_INIT)
  D:\KEIL\MDK\MDK\C51\LIB\C51S.LIB (?C?IMUL)
  D:\KEIL\MDK\MDK\C51\LIB\C51S.LIB (?C?UIDIV)


LINK MAP OF MODULE:  .\Objects\test01 (?C_STARTUP)


            TYPE    BASE      LENGTH    RELOCATION   SEGMENT NAME
            -----------------------------------------------------

            * * * * * * *   D A T A   M E M O R Y   * * * * * * *
            REG     0000H     0008H     ABSOLUTE     "REG BANK 0"
            DATA    0008H     0006H     UNIT         ?DT?MAIN
            IDATA   000EH     0001H     UNIT         ?STACK

            * * * * * * *   C O D E   M E M O R Y   * * * * * * *
            CODE    0000H     0003H     ABSOLUTE     
                    0003H     0008H                  *** GAP ***
            CODE    000BH     0003H     ABSOLUTE     
                    000EH     07F2H                  *** GAP ***
            CODE    0800H     008CH     UNIT         ?C_C51STARTUP
            CODE    088CH     0067H     UNIT         ?C?LIB_CODE
            CODE    08F3H     003DH     UNIT         ?PR?_SET_SERVO_ANGLE?MAIN
            CODE    0930H     003CH     UNIT         ?PR?TIMER0_ISR?MAIN
            CODE    096CH     0027H     UNIT         ?PR?_DELAY_MS?MAIN
            CODE    0993H     0010H     UNIT         ?PR?TIMER_INIT?MAIN
            CODE    09A3H     000FH     UNIT         ?PR?MAIN?MAIN
            CODE    09B2H     000DH     UNIT         ?C_INITSEG



OVERLAY MAP OF MODULE:   .\Objects\test01 (?C_STARTUP)


SEGMENT
  +--> CALLED SEGMENT
---------------------
?C_C51STARTUP
  +--> ?PR?MAIN?MAIN
  +--> ?C_INITSEG

?PR?MAIN?MAIN
  +--> ?PR?TIMER_INIT?MAIN
  +--> ?PR?_DELAY_MS?MAIN

?PR?_DELAY_MS?MAIN
BL51 BANKED LINKER/LOCATER V6.22.2.0                                                  11/18/2025  17:29:42  PAGE 2


  +--> ?PR?_SET_SERVO_ANGLE?MAIN



SYMBOL TABLE OF MODULE:  .\Objects\test01 (?C_STARTUP)

  VALUE           TYPE          NAME
  ----------------------------------

  -------         MODULE        ?C_STARTUP
  C:0800H         SEGMENT       ?C_C51STARTUP
  I:000EH         SEGMENT       ?STACK
  C:0000H         PUBLIC        ?C_STARTUP
  D:00E0H         SYMBOL        ACC
  D:00F0H         SYMBOL        B
  D:0083H         SYMBOL        DPH
  D:0082H         SYMBOL        DPL
  N:0000H         SYMBOL        IBPSTACK
  N:0100H         SYMBOL        IBPSTACKTOP
  N:0080H         SYMBOL        IDATALEN
  C:0803H         SYMBOL        IDATALOOP
  N:0000H         SYMBOL        PBPSTACK
  N:0100H         SYMBOL        PBPSTACKTOP
  N:0000H         SYMBOL        PDATALEN
  N:0000H         SYMBOL        PDATASTART
  N:0000H         SYMBOL        PPAGE
  N:0000H         SYMBOL        PPAGEENABLE
  D:00A0H         SYMBOL        PPAGE_SFR
  D:0081H         SYMBOL        SP
  C:0800H         SYMBOL        STARTUP1
  N:0000H         SYMBOL        XBPSTACK
  N:0000H         SYMBOL        XBPSTACKTOP
  N:0000H         SYMBOL        XDATALEN
  N:0000H         SYMBOL        XDATASTART
  C:0000H         LINE#         126
  C:0800H         LINE#         133
  C:0802H         LINE#         134
  C:0803H         LINE#         135
  C:0804H         LINE#         136
  C:0806H         LINE#         185
  C:0809H         LINE#         196
  -------         ENDMOD        ?C_STARTUP

  -------         MODULE        MAIN
  C:0000H         SYMBOL        _ICE_DUMMY_
  D:0090H         PUBLIC        P1
  D:00A0H         PUBLIC        P2
  D:00B0H         PUBLIC        P3
  C:0930H         PUBLIC        Timer0_ISR
  B:00A8H.7       PUBLIC        EA
  D:00A8H         PUBLIC        IE
  D:00B8H         PUBLIC        IP
  C:09A3H         PUBLIC        main
  D:000AH         PUBLIC        pulse_ticks
  B:00A0H.0       PUBLIC        servo
  C:0973H         PUBLIC        _Delay_ms
  D:000CH         PUBLIC        high_time
BL51 BANKED LINKER/LOCATER V6.22.2.0                                                  11/18/2025  17:29:42  PAGE 3


  D:0098H         PUBLIC        SCON
  D:0089H         PUBLIC        TMOD
  D:0088H         PUBLIC        TCON
  B:00A8H.1       PUBLIC        ET0
  D:008CH         PUBLIC        TH0
  D:008AH         PUBLIC        TL0
  B:0088H.4       PUBLIC        TR0
  D:00C8H         PUBLIC        T2CON
  C:08F3H         PUBLIC        _Set_Servo_Angle
  C:0993H         PUBLIC        Timer_Init
  D:00D0H         PUBLIC        PSW
  -------         PROC          TIMER_INIT
  C:0993H         LINE#         7
  C:0993H         LINE#         8
  C:0993H         LINE#         9
  C:0996H         LINE#         15
  C:0999H         LINE#         16
  C:099CH         LINE#         18
  C:099EH         LINE#         19
  C:09A0H         LINE#         20
  C:09A2H         LINE#         21
  -------         ENDPROC       TIMER_INIT
  -------         PROC          _SET_SERVO_ANGLE
  D:0007H         SYMBOL        angle
  C:08F3H         LINE#         24
  C:08F3H         LINE#         25
  C:08F3H         LINE#         27
  C:090DH         LINE#         30
  C:091EH         LINE#         31
  C:092FH         LINE#         32
  -------         ENDPROC       _SET_SERVO_ANGLE
  -------         PROC          L?0023
  -------         ENDPROC       L?0023
  -------         PROC          _DELAY_MS
  D:0006H         SYMBOL        ms
  -------         DO            
  D:0004H         SYMBOL        i
  D:0002H         SYMBOL        j
  -------         ENDDO         
  C:0973H         LINE#         35
  C:0973H         LINE#         36
  C:0973H         LINE#         38
  C:097DH         LINE#         39
  C:0992H         LINE#         40
  -------         ENDPROC       _DELAY_MS
  -------         PROC          MAIN
  C:09A3H         LINE#         43
  C:09A3H         LINE#         44
  C:09A3H         LINE#         45
  C:09A6H         LINE#         48
  C:09A6H         LINE#         49
  C:09A6H         LINE#         50
  C:09A8H         LINE#         51
  C:09ABH         LINE#         53
  C:09ADH         LINE#         54
  C:09B0H         LINE#         55
  -------         ENDPROC       MAIN
BL51 BANKED LINKER/LOCATER V6.22.2.0                                                  11/18/2025  17:29:42  PAGE 4


  -------         PROC          TIMER0_ISR
  -------         DO            
  D:0008H         SYMBOL        counter
  -------         ENDDO         
  C:0930H         LINE#         58
  C:0934H         LINE#         63
  C:0937H         LINE#         64
  C:093AH         LINE#         66
  C:0942H         LINE#         68
  C:0948H         LINE#         69
  C:0948H         LINE#         70
  C:094AH         LINE#         71
  C:094AH         LINE#         73
  C:0954H         LINE#         74
  C:0954H         LINE#         75
  C:0956H         LINE#         76
  C:0956H         LINE#         78
  C:0961H         LINE#         79
  C:0961H         LINE#         80
  C:0967H         LINE#         81
  C:0967H         LINE#         82
  -------         ENDPROC       TIMER0_ISR
  -------         ENDMOD        MAIN

  -------         MODULE        ?C?IMUL
  C:088CH         PUBLIC        ?C?IMUL
  -------         ENDMOD        ?C?IMUL

  -------         MODULE        ?C?UIDIV
  C:089EH         PUBLIC        ?C?UIDIV
  -------         ENDMOD        ?C?UIDIV

******************************************************************************
* RESTRICTED VERSION WITH 0800H BYTE CODE SIZE LIMIT; USED: 00DDH BYTE (10%) *
******************************************************************************

Program Size: data=15.0 xdata=0 code=453
LINK/LOCATE RUN COMPLETE.  0 WARNING(S),  0 ERROR(S)
