C51 COMPILER V9.59.0.0   MAIN                                                              10/26/2025 17:41:13 PAGE 1   


C51 COMPILER V9.59.0.0, COMPILATION OF MODULE MAIN
OBJECT MODULE PLACED IN .\Objects\main.obj
COMPILER INVOKED BY: D:\keil\c51\C51\BIN\C51.EXE main.c OPTIMIZE(8,SPEED) BROWSE DEBUG OBJECTEXTEND PRINT(.\Listings\mai
                    -n.lst) TABS(2) OBJECT(.\Objects\main.obj)

line level    source

*** WARNING C500 IN LINE 1 OF main.c: MISSING LICENSE ID CODE (LIC) IN 'TOOLS.INI'
   1          #include <REGX52.H>
   2          #include "Delay.h"
   3          #include "MatrixKey.h"
   4          #include "LCD1602.h"
   5          
   6          unsigned char KeyNum; 
   7          
   8          void main()
   9          {
  10   1        LCD_Init();
  11   1        while(1)
  12   1        {
  13   2          KeyNum=MatrixKey();
  14   2          if(KeyNum)  //不加判断的话松手之后keynum变0然后就刷新lcd显示
  15   2          {
  16   3            LCD_ShowString(1,1,"Your Choice:");
  17   3            LCD_ShowNum(2,1,KeyNum,2);
  18   3          }
  19   2        }
  20   1      }


MODULE INFORMATION:   STATIC OVERLAYABLE
   CODE SIZE        =     42    ----
   CONSTANT SIZE    =     13    ----
   XDATA SIZE       =   ----    ----
   PDATA SIZE       =   ----    ----
   DATA SIZE        =      1    ----
   IDATA SIZE       =   ----    ----
   BIT SIZE         =   ----    ----
END OF MODULE INFORMATION.


C51 COMPILATION COMPLETE.  1 WARNING(S),  0 ERROR(S)
