C51 COMPILER V9.59.0.0   MAIN                                                              10/26/2025 13:56:49 PAGE 1   


C51 COMPILER V9.59.0.0, COMPILATION OF MODULE MAIN
OBJECT MODULE PLACED IN .\Objects\main.obj
COMPILER INVOKED BY: D:\keil\c51\C51\BIN\C51.EXE main.c OPTIMIZE(8,SPEED) BROWSE DEBUG OBJECTEXTEND PRINT(.\Listings\mai
                    -n.lst) TABS(2) OBJECT(.\Objects\main.obj)

line level    source

*** WARNING C500 IN LINE 1 OF main.c: MISSING LICENSE ID CODE (LIC) IN 'TOOLS.INI'
   1          #include <REGX52.H>
   2          #include <Delay.h>
   3          
   4          void ExInt0_Init()
   5          {
   6   1        IT0=1;
   7   1        IE0=0;
   8   1        EX0=1;
   9   1        EA=1;
  10   1        PX0=0;
  11   1      }
  12          
  13          void main()
  14          {
  15   1        ExInt0_Init();
  16   1        while(1)
  17   1        {
  18   2          
  19   2        }
  20   1      }
  21          
  22          void ExInt0_Routine() interrupt 0
  23          {
  24   1        P2_0=0;
  25   1      }


MODULE INFORMATION:   STATIC OVERLAYABLE
   CODE SIZE        =     19    ----
   CONSTANT SIZE    =   ----    ----
   XDATA SIZE       =   ----    ----
   PDATA SIZE       =   ----    ----
   DATA SIZE        =   ----    ----
   IDATA SIZE       =   ----    ----
   BIT SIZE         =   ----    ----
END OF MODULE INFORMATION.


C51 COMPILATION COMPLETE.  1 WARNING(S),  0 ERROR(S)
