C51 COMPILER V9.59.0.0   MAIN                                                              10/23/2025 10:17:50 PAGE 1   


C51 COMPILER V9.59.0.0, COMPILATION OF MODULE MAIN
OBJECT MODULE PLACED IN .\Objects\main.obj
COMPILER INVOKED BY: D:\keil\c51\C51\BIN\C51.EXE main.c OPTIMIZE(8,SPEED) BROWSE DEBUG OBJECTEXTEND PRINT(.\Listings\mai
                    -n.lst) TABS(2) OBJECT(.\Objects\main.obj)

line level    source

*** WARNING C500 IN LINE 1 OF main.c: MISSING LICENSE ID CODE (LIC) IN 'TOOLS.INI'
   1          #include <REGX52.H>
   2          #include <LCD1602.h>
   3          
   4          //配置寄存器
   5          void Timer0_Init()
   6          {
   7   1      //1毫秒@12.000MHz
   8   1        TMOD &= 0xF0;     //设置定时器模式
   9   1        TMOD |= 0x01;     //设置定时器模式
  10   1        TL0 = 0x18;       //设置定时初始值
  11   1        TH0 = 0xFC;       //设置定时初始值
  12   1        TF0 = 0;        //清除TF0标志
  13   1        TR0 = 1;        //定时器0开始计时
  14   1        ET0=1;
  15   1        EA=1;
  16   1        PT0=0; 
  17   1      }
  18          //变量声明区域
  19          int min=0,sec=0,hour=0;
  20          unsigned int Timer0Count;
  21          
  22          
  23          //main函数
  24          void  main()
  25          {  LCD_Init();
  26   1        while(1)
  27   1        { 
  28   2          LCD_ShowNum(2,1,hour,2);
  29   2          LCD_ShowNum(2,3,min,2);
  30   2          LCD_ShowNum(2,5,sec,2);
  31   2        }
  32   1      
  33   1      
  34   1      }
  35          //中断函数  tflag溢出后要执行的操作 
  36          void Timer0_Routine() interrupt 1  //定时器0对应interrupt 1
  37          {
  38   1        TL0 = 0x18;       //设置定时初始值
  39   1        TH0 = 0xFC;       //设置定时初始值
  40   1        Timer0Count++;
  41   1        if(Timer0Count==1000) {sec++;Timer0Count=0; } 
  42   1        if(sec==60) {sec=0; min++;  }
  43   1        if(min==60) {min=0;hour++;}
  44   1        if(hour==24)  {hour=0;}
  45   1      }


MODULE INFORMATION:   STATIC OVERLAYABLE
   CODE SIZE        =    167    ----
   CONSTANT SIZE    =   ----    ----
   XDATA SIZE       =   ----    ----
   PDATA SIZE       =   ----    ----
   DATA SIZE        =      8    ----
C51 COMPILER V9.59.0.0   MAIN                                                              10/23/2025 10:17:50 PAGE 2   

   IDATA SIZE       =   ----    ----
   BIT SIZE         =   ----    ----
END OF MODULE INFORMATION.


C51 COMPILATION COMPLETE.  1 WARNING(S),  0 ERROR(S)
